src/components/cadran/CadranLegend.tsx(2,24): error TS2307: Cannot find module '@/styles/cadranLegend.styles' or its corresponding type declarations.
src/components/cadran/CircularCadran.tsx(10,24): error TS2307: Cannot find module '@/styles/circularCadran.styles' or its corresponding type declarations.
src/components/tasks/TaskList.tsx(11,24): error TS2307: Cannot find module '@/styles/taskList.styles' or its corresponding type declarations.
src/components/tasks/TaskList.tsx(29,25): error TS2367: This comparison appears to be unintentional because the types '"en attente" | "en cours" | "termin├®e" | "annul├®e"' and '"completed"' have no overlap.
src/components/widgets/CategoryWidget.tsx(5,24): error TS2307: Cannot find module '@/styles/categoryWidget.styles' or its corresponding type declarations.
src/components/widgets/NotificationWidget.tsx(37,24): error TS2307: Cannot find module '@/styles/notificationWidget.styles' or its corresponding type declarations.
src/components/widgets/TimerWidget.tsx(22,24): error TS2307: Cannot find module '@/styles/timerWidget.styles' or its corresponding type declarations.
src/hooks/useCadran.ts(32,36): error TS2367: This comparison appears to be unintentional because the types '"en attente" | "en cours" | "termin├®e" | "annul├®e"' and '"pending"' have no overlap.
src/hooks/useCadran.ts(33,42): error TS2367: This comparison appears to be unintentional because the types '"en attente" | "en cours" | "termin├®e" | "annul├®e"' and '"in-progress"' have no overlap.
src/hooks/useCadran.ts(34,38): error TS2367: This comparison appears to be unintentional because the types '"en attente" | "en cours" | "termin├®e" | "annul├®e"' and '"completed"' have no overlap.
src/hooks/useCadran.ts(92,43): error TS2367: This comparison appears to be unintentional because the types '"en attente" | "en cours" | "termin├®e" | "annul├®e"' and '"completed"' have no overlap.
src/hooks/useCadran.ts(136,36): error TS2367: This comparison appears to be unintentional because the types '"en attente" | "en cours" | "termin├®e" | "annul├®e"' and '"pending"' have no overlap.
src/hooks/useCadran.ts(137,39): error TS2367: This comparison appears to be unintentional because the types '"en attente" | "en cours" | "termin├®e" | "annul├®e"' and '"in-progress"' have no overlap.
src/hooks/useCadran.ts(138,38): error TS2367: This comparison appears to be unintentional because the types '"en attente" | "en cours" | "termin├®e" | "annul├®e"' and '"completed"' have no overlap.
src/hooks/useCalendar.ts(83,9): error TS2367: This comparison appears to be unintentional because the types '"en attente" | "en cours" | "termin├®e" | "annul├®e"' and '"completed"' have no overlap.
src/hooks/useCalendar.ts(84,9): error TS2367: This comparison appears to be unintentional because the types '"en attente" | "en cours" | "termin├®e" | "annul├®e"' and '"cancelled"' have no overlap.
src/hooks/useCategories.ts(127,53): error TS2367: This comparison appears to be unintentional because the types '"en attente" | "en cours" | "termin├®e" | "annul├®e"' and '"completed"' have no overlap.
src/hooks/useCategories.ts(129,51): error TS2367: This comparison appears to be unintentional because the types '"en attente" | "en cours" | "termin├®e" | "annul├®e"' and '"pending"' have no overlap.
src/hooks/useCategories.ts(130,54): error TS2367: This comparison appears to be unintentional because the types '"en attente" | "en cours" | "termin├®e" | "annul├®e"' and '"in-progress"' have no overlap.
src/hooks/useTasks.ts(57,9): error TS2322: Type '"pending"' is not assignable to type '"en attente" | "en cours" | "termin├®e" | "annul├®e"'.
src/hooks/useTasks.ts(58,9): error TS2322: Type '"low" | "medium" | "high"' is not assignable to type '"basse" | "moyenne" | "haute"'.
  Type '"low"' is not assignable to type '"basse" | "moyenne" | "haute"'.
src/hooks/useTasks.ts(114,13): error TS2367: This comparison appears to be unintentional because the types '"en attente" | "en cours" | "termin├®e" | "annul├®e"' and '"pending"' have no overlap.
src/hooks/useTasks.ts(115,11): error TS2322: Type '"in-progress"' is not assignable to type '"en attente" | "en cours" | "termin├®e" | "annul├®e"'.
src/hooks/useTasks.ts(116,20): error TS2367: This comparison appears to be unintentional because the types '"en attente" | "en cours" | "termin├®e" | "annul├®e"' and '"in-progress"' have no overlap.
src/hooks/useTasks.ts(117,11): error TS2322: Type '"completed"' is not assignable to type '"en attente" | "en cours" | "termin├®e" | "annul├®e"'.
src/hooks/useTasks.ts(118,20): error TS2367: This comparison appears to be unintentional because the types '"en attente" | "en cours" | "termin├®e" | "annul├®e"' and '"completed"' have no overlap.
src/hooks/useTasks.ts(119,11): error TS2322: Type '"pending"' is not assignable to type '"en attente" | "en cours" | "termin├®e" | "annul├®e"'.
src/hooks/useTasks.ts(126,13): error TS2367: This comparison appears to be unintentional because the types '"en attente" | "en cours" | "termin├®e" | "annul├®e"' and '"completed"' have no overlap.
src/hooks/useVoice.ts(48,11): error TS2554: Expected 1 arguments, but got 3.
src/screens/AddTaskScreen.tsx(82,27): error TS2339: Property 'title' does not exist on type '{ container: { flex: number; backgroundColor: string; }; header: { flexDirection: "row"; alignItems: "center"; justifyContent: "space-between"; paddingHorizontal: number; paddingVertical: number; backgroundColor: string; borderBottomWidth: number; borderBottomColor: string; }; ... 44 more ...; rowAlignCenter: { ...;...'.
src/screens/AddTaskScreen.tsx(105,25): error TS2339: Property 'dropdown' does not exist on type '{ container: { flex: number; backgroundColor: string; }; header: { flexDirection: "row"; alignItems: "center"; justifyContent: "space-between"; paddingHorizontal: number; paddingVertical: number; backgroundColor: string; borderBottomWidth: number; borderBottomColor: string; }; ... 44 more ...; rowAlignCenter: { ...;...'.
src/screens/AddTaskScreen.tsx(108,31): error TS2339: Property 'dropdownLabel' does not exist on type '{ container: { flex: number; backgroundColor: string; }; header: { flexDirection: "row"; alignItems: "center"; justifyContent: "space-between"; paddingHorizontal: number; paddingVertical: number; backgroundColor: string; borderBottomWidth: number; borderBottomColor: string; }; ... 44 more ...; rowAlignCenter: { ...;...'.
src/screens/AddTaskScreen.tsx(116,31): error TS2339: Property 'dropdownContent' does not exist on type '{ container: { flex: number; backgroundColor: string; }; header: { flexDirection: "row"; alignItems: "center"; justifyContent: "space-between"; paddingHorizontal: number; paddingVertical: number; backgroundColor: string; borderBottomWidth: number; borderBottomColor: string; }; ... 44 more ...; rowAlignCenter: { ...;...'.
src/screens/AddTaskScreen.tsx(126,38): error TS2339: Property 'categoryDot' does not exist on type '{ container: { flex: number; backgroundColor: string; }; header: { flexDirection: "row"; alignItems: "center"; justifyContent: "space-between"; paddingHorizontal: number; paddingVertical: number; backgroundColor: string; borderBottomWidth: number; borderBottomColor: string; }; ... 44 more ...; rowAlignCenter: { ...;...'.
src/screens/CategoriesScreen.tsx(13,24): error TS2307: Cannot find module '@/styles/categoriesScreen.styles' or its corresponding type declarations.
src/services/voiceRecognition.ts(1,25): error TS2307: Cannot find module 'expo-speech' or its corresponding type declarations.
